// Vitest Snapshot v1, https://vitest.dev/guide/snapshot.html

exports[`task-list > renders a task list when there are tasks 1`] = `
"
  <ul
    class="govuk-task-list govuk-!-margin-bottom-6"
    data-testid="taskList-list"
  >
      <li
        class="govuk-task-list__item govuk-task-list__item--with-link"
        data-testid="taskList-li"
      >
        <div class="govuk-task-list__name-and-hint">
          <a href="/cases/123/task/1" class="govuk-link govuk-task-list__link"
            >Task 1</a
          >
        </div>
        <div class="govuk-task-list__status">
              <strong class="govuk-tag govuk-tag--grey task-status-width">
  Not started
</strong>

        </div>
      </li>
      <li
        class="govuk-task-list__item govuk-task-list__item--with-link"
        data-testid="taskList-li"
      >
        <div class="govuk-task-list__name-and-hint">
          <a href="/cases/123/task/2" class="govuk-link govuk-task-list__link"
            >Task 2</a
          >
        </div>
        <div class="govuk-task-list__status">
              <strong class="govuk-tag govuk-tag--blue task-status-width">
  In progress
</strong>

        </div>
      </li>
      <li
        class="govuk-task-list__item govuk-task-list__item--with-link"
        data-testid="taskList-li"
      >
        <div class="govuk-task-list__name-and-hint">
          <a href="/cases/123/task/3" class="govuk-link govuk-task-list__link"
            >Task 3</a
          >
        </div>
        <div class="govuk-task-list__status">
              <strong class="govuk-tag govuk-tag--green task-status-width">
  Completed
</strong>

        </div>
      </li>
  </ul>
"
`;

exports[`task-list > renders nothing when there are no tasks 1`] = `
"
"
`;
