// Vitest Snapshot v1, https://vitest.dev/guide/snapshot.html

exports[`case-summary > renders 1`] = `
"
<div class="govuk-!-margin-bottom-6 app-case-banner">
  <div class="govuk-width-container">
    <a href="/cases" class="govuk-back-link">Back to cases</a>

    <div class="govuk-grid-row govuk-!-margin-bottom-3">
      <div class="govuk-grid-column-three-quarters">
        <h1 class="govuk-heading-m govuk-!-margin-bottom-0">
          Valley Farm
        </h1>
      </div>
      <div class="govuk-grid-column-one-quarter govuk-!-text-align-right">
      </div>
    </div>

    <div>
      <div class="app-case-row">
      </div>
    </div>
  </div>
</div>
"
`;
