// Vitest Snapshot v1, https://vitest.dev/guide/snapshot.html

exports[`getSecret > returns 200 1`] = `
"
  <div class="govuk-grid-row app-heading" data-testid="app-heading">
  <div class="govuk-grid-column-two-thirds">
    <h1 class="govuk-heading-xl govuk-!-margin-bottom-2" data-testid="app-heading-title">
      
    </h1>

  </div>
</div>


  <div class="govuk-grid-row">
    <div class="govuk-grid-column-full">
      <div class="govuk-body" data-testid="app-page-body">
        <h1>Logged in!</h1>
        <pre style="padding:1rem;max-width:600px;white-space:pre-wrap;">{
  "credentials": {
    "token": "access-token",
    "refreshToken": "refresh-token",
    "expiresAt": 2524608000000,
    "user": {
      "id": "43e8508b6cbd4ac1b29ee73792ab0f4b",
      "name": "Joe Bloggs",
      "email": "joe@bloggs.com",
      "idpRoles": [
        "FCP.Casework.Read"
      ],
      "appRoles": [
        "ROLE_SING_AND_DANCE"
      ]
    }
  }
}</pre>
        <a href="/logout" role="button" draggable="false" class="govuk-button" data-module="govuk-button">
  Logout
</a>
      </div>
    </div>
  </div>
        "
`;
