// Vitest Snapshot v1, https://vitest.dev/guide/snapshot.html

exports[`listCasesRoute > extracts assignedCaseId from query parameters and renders notification banner 1`] = `
"
  <div class="govuk-notification-banner__header">
    <h2 class="govuk-notification-banner__title" id="govuk-notification-banner-title">
      Success
    </h2>
  </div>
  <div class="govuk-notification-banner__content">
    <h3 class="govuk-notification-banner__heading">Case assigned successfully</h3>
          <p class="govuk-body">      <a class="govuk-notification-banner__link" href="/cases/68495db5afe2d27b09b2ee47">Case banana-123</a>
          has been assigned to
          John Smith
    </p>
  </div>
"
`;

exports[`listCasesRoute > returns a list of cases 1`] = `
"

  <div class="govuk-grid-row">
    <div class="govuk-grid-column-full">
      <div class="govuk-body" data-testid="app-page-body">

        <div class="govuk-tabs" data-module="govuk-tabs">
  <h2 class="govuk-tabs__title">
    Contents
  </h2>
  <ul class="govuk-tabs__list">
    <li class="govuk-tabs__list-item govuk-tabs__list-item--selected">
      <a class="govuk-tabs__tab" href="#all-cases">
        SFI applications (2)
      </a>
    </li>
  </ul>
  <div class="govuk-tabs__panel" id="all-cases">
    <form method="GET" action="/cases/assign-user">
      <fieldset class="govuk-fieldset">
        <legend class="govuk-fieldset__legend govuk-visually-hidden">
          <h1>Cases</h1>
        </legend>
    
        <button type="submit" class="govuk-button" data-module="govuk-button">
      Assign
    </button>
    
        <table class="govuk-table">
      <thead class="govuk-table__head">
        <tr class="govuk-table__row">
          <th scope="col" class="govuk-table__header">Select</th>
          <th scope="col" class="govuk-table__header">ID</th>
          <th scope="col" class="govuk-table__header">Business</th>
          <th scope="col" class="govuk-table__header">SBI</th>
          <th scope="col" class="govuk-table__header">Submitted</th>
          <th scope="col" class="govuk-table__header">Status</th>
          <th scope="col" class="govuk-table__header">Assignee</th>
        </tr>
      </thead>
      <tbody class="govuk-table__body">
        <tr class="govuk-table__row">
          <td class="govuk-table__cell">  <div class="govuk-radios__item">
        <input class="govuk-radios__input" id="caseId-68495db5afe2d27b09b2ee47" name="caseId" type="radio" value="68495db5afe2d27b09b2ee47" aria-label="Select case ID 68495db5afe2d27b09b2ee47"><label class="govuk-label govuk-radios__label" for="caseId-68495db5afe2d27b09b2ee47">
          <span class="govuk-visually-hidden">
            Select case ID 68495db5afe2d27b09b2ee47
          </span>
        </label>
      </div>
    </td>
          <td class="govuk-table__cell">  <a href="/cases/68495db5afe2d27b09b2ee47" class="govuk-link govuk-!-font-weight-bold">banana-123</a>
    </td>
          <td class="govuk-table__cell">[business name]</td>
          <td class="govuk-table__cell">SBI001</td>
          <td class="govuk-table__cell">01 Oct 2023</td>
          <td class="govuk-table__cell"><strong class="govuk-tag govuk-tag--blue">
      New
    </strong>
    </td>
          <td class="govuk-table__cell">John Smith</td>
        </tr>
        <tr class="govuk-table__row">
          <td class="govuk-table__cell">  <div class="govuk-radios__item">
        <input class="govuk-radios__input" id="caseId-68495db5afe2d27b09b2ee99" name="caseId" type="radio" value="68495db5afe2d27b09b2ee99" aria-label="Select case ID 68495db5afe2d27b09b2ee99"><label class="govuk-label govuk-radios__label" for="caseId-68495db5afe2d27b09b2ee99">
          <span class="govuk-visually-hidden">
            Select case ID 68495db5afe2d27b09b2ee99
          </span>
        </label>
      </div>
    </td>
          <td class="govuk-table__cell">  <a href="/cases/68495db5afe2d27b09b2ee99" class="govuk-link govuk-!-font-weight-bold">banana-123</a>
    </td>
          <td class="govuk-table__cell">[business name]</td>
          <td class="govuk-table__cell">SBI001</td>
          <td class="govuk-table__cell">01 Oct 2023</td>
          <td class="govuk-table__cell"><strong class="govuk-tag govuk-tag--grey">
      Old
    </strong>
    </td>
          <td class="govuk-table__cell">Not assigned</td>
        </tr>
      </tbody>
    </table>
    
      </fieldset>
    </form>
  </div>
</div>

      </div>
    </div>
  </div>
        "
`;
