// Vitest Snapshot v1, https://vitest.dev/guide/snapshot.html

exports[`viewCaseRoute > returns a list of cases 1`] = `
"
  
<div class="govuk-!-margin-bottom-6 app-case-banner">
  <div class="govuk-width-container">
    <a href="/cases" class="govuk-back-link">Back to cases</a>

    <h1 class="govuk-heading-m">
      Valley Farm
    </h1>

    <div>
      <div class="app-case-row">
            <div class="app-case-cell">
              <p>
                <strong class="govuk-!-margin-right-1">Reference:</strong>
                PMF-REF-1
              </p>
            </div>
            <div class="app-case-cell">
              <p>
                <strong class="govuk-!-margin-right-1">Status:</strong>
                NEW
              </p>
            </div>
            <div class="app-case-cell">
              <p>
                <strong class="govuk-!-margin-right-1">Date Received:</strong>
                27/03/2025
              </p>
            </div>
      </div>
    </div>
  </div>
</div>


  <div class="govuk-body">
    
  <div class="govuk-service-navigation" data-module="govuk-service-navigation">
      <div class="govuk-width-container">

    <div class="govuk-service-navigation__container">
      

      
        <nav aria-label="Menu" class="govuk-service-navigation__wrapper">
          <button type="button" class="govuk-service-navigation__toggle govuk-js-service-navigation-toggle" aria-controls="navigation" hidden="">
            Menu
          </button>

          <ul class="govuk-service-navigation__list" id="navigation">

            
              
              <li class="govuk-service-navigation__item">
                  <a class="govuk-service-navigation__link" href="/cases/686baafc9ac48f446c317655">
                                    
Tasks
                  </a>
              </li>

              
              <li class="govuk-service-navigation__item govuk-service-navigation__item--active">
                  <a class="govuk-service-navigation__link" href="/cases/686baafc9ac48f446c317655/case-details" aria-current="true">
                                    
                  <strong class="govuk-service-navigation__active-fallback">Case Details</strong>

                  </a>
              </li>

              
              <li class="govuk-service-navigation__item">
                  <a class="govuk-service-navigation__link" href="#">
                                    
Notes
                  </a>
              </li>

              
              <li class="govuk-service-navigation__item">
                  <a class="govuk-service-navigation__link" href="/cases/686baafc9ac48f446c317655/timeline">
                                    
Timeline
                  </a>
              </li>

            </ul>
        </nav>
    </div>

    </div>

  </div>


    <h2 class="govuk-heading-l govuk-!-margin-bottom-1 govuk-!-margin-top-6">
      Application
    </h2>

    <p class="govuk-body">
      submitted:
      <strong>28th March 2025</strong>
    </p>

    <div class="govuk-grid-row">
      <div class="govuk-grid-column-full">
        <div class="govuk-body" data-testid="app-page-body">
              <h3 class="govuk-heading-m">Applicant Details</h3>

                
<dl class="govuk-summary-list">
  <div class="govuk-summary-list__row">
    <dt class="govuk-summary-list__key">
      Are you a pig farmer?
    </dt>
    <dd class="govuk-summary-list__value">
      Yes
    </dd>
  </div>
</dl>


              <h3 class="govuk-heading-m">Pig Stock Details</h3>

                
<dl class="govuk-summary-list">
  <div class="govuk-summary-list__row">
    <dt class="govuk-summary-list__key">
      Total Pigs
    </dt>
    <dd class="govuk-summary-list__value">
      10
    </dd>
  </div>
  <div class="govuk-summary-list__row">
    <dt class="govuk-summary-list__key">
      How many White pigs do you have?
    </dt>
    <dd class="govuk-summary-list__value">
      2
    </dd>
  </div>
  <div class="govuk-summary-list__row">
    <dt class="govuk-summary-list__key">
      How many British Landrace pigs do you have?
    </dt>
    <dd class="govuk-summary-list__value">
      2
    </dd>
  </div>
  <div class="govuk-summary-list__row">
    <dt class="govuk-summary-list__key">
      How many Berkshire pigs do you have?
    </dt>
    <dd class="govuk-summary-list__value">
      3
    </dd>
  </div>
  <div class="govuk-summary-list__row">
    <dt class="govuk-summary-list__key">
      How many Other pigs do you have?
    </dt>
    <dd class="govuk-summary-list__value">
      3
    </dd>
  </div>
</dl>


        </div>
      </div>
    </div>
  </div>
        "
`;
