// Vitest Snapshot v1, https://vitest.dev/guide/snapshot.html

exports[`viewTaskRoute > returns a task 1`] = `
"
    

<div class="app-case-banner">
  <div class="govuk-width-container">
    <div class="app-case-banner__top govuk-!-margin-bottom-4">
      <div class="app-case-banner__title">
        <a href="/cases" class="govuk-back-link">Back to applications</a>
        <h1 class="govuk-heading-m govuk-!-margin-bottom-0">
          
        </h1>
      </div>
    </div>
    <div>
      <div class="app-case-row">
      </div>
    </div>
  </div>
</div>


    


  
  <div class="govuk-service-navigation govuk-!-margin-top-5 govuk-!-margin-bottom-8" data-module="govuk-service-navigation">
      <div class="govuk-width-container">

    <div class="govuk-service-navigation__container">
      

      
        <nav aria-label="Menu" class="govuk-service-navigation__wrapper">
          <button type="button" class="govuk-service-navigation__toggle govuk-js-service-navigation-toggle" aria-controls="navigation" hidden="" aria-hidden="true">
            Menu
          </button>

          <ul class="govuk-service-navigation__list" id="navigation">

            
              
              <li class="govuk-service-navigation__item govuk-service-navigation__item--active">
                  <a class="govuk-service-navigation__link" href="/cases/68495db5afe2d27b09b2ee47" aria-current="true">
                                    
                  <strong class="govuk-service-navigation__active-fallback">Tasks</strong>

                  </a>
              </li>

              
              <li class="govuk-service-navigation__item">
                  <a class="govuk-service-navigation__link" href="/cases/68495db5afe2d27b09b2ee47/case-details">
                                    
Case Details
                  </a>
              </li>

              
              <li class="govuk-service-navigation__item">
                  <a class="govuk-service-navigation__link" href="/cases/68495db5afe2d27b09b2ee47/notes">
                                    
Notes
                  </a>
              </li>

              
              <li class="govuk-service-navigation__item">
                  <a class="govuk-service-navigation__link" href="/cases/68495db5afe2d27b09b2ee47/timeline">
                                    
Timeline
                  </a>
              </li>

            </ul>
        </nav>
    </div>

    </div>

  </div>


  <div class="govuk-grid-row">
  <div class="govuk-grid-column-two-thirds">
    
    
    
  <h2 class="govuk-heading-l ">
    Simple Review
  </h2>




        <form class="task-outcome-form" method="post" id="completeTaskForm" action="/cases/68495db5afe2d27b09b2ee47/task-groups/application-receipt-tasks/tasks/simple-review/status">
    <div class="govuk-form-group">
  <div class="govuk-checkboxes" data-module="govuk-checkboxes">
    <div class="govuk-checkboxes__item">
      <input class="govuk-checkboxes__input" id="task-completed" name="completed" type="checkbox" value="true">
      <label class="govuk-label govuk-checkboxes__label" for="task-completed">
        Completed
      </label>
    </div>
  </div>
</div>


  <button type="submit" data-prevent-double-click="true" data-testid="save-and-continue-button" class="govuk-button task-outcome-form__button" data-module="govuk-button" data-govuk-button-init="">
    Confirm
  </button>
  <a href="/cases/68495db5afe2d27b09b2ee47" class="govuk-link govuk-!-font-size-16" data-testid="back-link">
    Cancel and return
  </a>
</form>

  </div>
</div>

<div class="govuk-grid-row">
  <div class="govuk-grid-column-full">
    
    
  </div>
</div>

        "
`;
