// Vitest Snapshot v1, https://vitest.dev/guide/snapshot.html

exports[`viewAssignUserToCaseRoute > redirects back to cases list if no caseId supplied 1`] = `
"

    
<div role="region" class="moj-alert moj-alert--error" aria-label="error: " data-module="moj-alert">
  <div>
    <svg class="moj-alert__icon" role="presentation" focusable="false" xmlns="http://www.w3.org/2000/svg" viewBox="0 0 30 30" height="30" width="30"><path fill-rule="evenodd" clip-rule="evenodd" d="M20.1777 2.5H9.82233L2.5 9.82233V20.1777L9.82233 27.5H20.1777L27.5 20.1777V9.82233L20.1777 2.5ZM10.9155 8.87769L15.0001 12.9623L19.0847 8.87771L21.1224 10.9154L17.0378 15L21.1224 19.0846L19.0847 21.1222L15.0001 17.0376L10.9155 21.1223L8.87782 19.0846L12.9624 15L8.87783 10.9153L10.9155 8.87769Z" fill="currentColor"></path>
    </svg>
  </div>
  <div class="moj-alert__content">Choose an option</div>

  <div class="moj-alert__action">
    <button class="moj-alert__dismiss" hidden="">Dismiss</button>
  </div>
</div>





  <div class="govuk-grid-row">
    <div class="govuk-grid-column-full">
      <div class="govuk-body" data-testid="app-page-body">

        <div class="govuk-tabs" data-module="govuk-tabs">
  <h2 class="govuk-tabs__title">
    Contents
  </h2>
  <ul class="govuk-tabs__list">
    <li class="govuk-tabs__list-item govuk-tabs__list-item--selected">
      <a class="govuk-tabs__tab" href="#all-cases">
        SFI applications (0)
      </a>
    </li>
  </ul>
  <div class="govuk-tabs__panel" id="all-cases">
    <form method="GET" action="/cases/assign-user" class="case-tabs">
      <fieldset class="govuk-fieldset">
        <legend class="govuk-fieldset__legend govuk-visually-hidden">
          <h1>Cases</h1>
        </legend>
        <button type="submit" class="govuk-button" data-module="govuk-button">
      Assign
    </button>
        <table class="govuk-table">
      <thead class="govuk-table__head">
        <tr class="govuk-table__row">
          <th scope="col" class="govuk-table__header">Select</th>
          <th scope="col" class="govuk-table__header" aria-sort="none"><a href="/cases?caseRef=asc">ID 
    <svg width="22" height="22" focusable="false" aria-hidden="true" role="img" viewBox="0 0 22 22" fill="none" xmlns="http://www.w3.org/2000/svg">
    <path d="M8.1875 9.5L10.9609 3.95703L13.7344 9.5H8.1875Z" fill="currentColor"></path>
    <path d="M13.7344 12.0781L10.9609 17.6211L8.1875 12.0781H13.7344Z" fill="currentColor"></path>
    </svg>
    </a></th>
          <th scope="col" class="govuk-table__header" aria-sort="none">Business</th>
          <th scope="col" class="govuk-table__header" aria-sort="none">SBI</th>
          <th scope="col" class="govuk-table__header" aria-sort="none"><a href="/cases?createdAt=asc">Submitted 
    <svg width="22" height="22" focusable="false" aria-hidden="true" role="img" viewBox="0 0 22 22" fill="none" xmlns="http://www.w3.org/2000/svg">
    <path d="M8.1875 9.5L10.9609 3.95703L13.7344 9.5H8.1875Z" fill="currentColor"></path>
    <path d="M13.7344 12.0781L10.9609 17.6211L8.1875 12.0781H13.7344Z" fill="currentColor"></path>
    </svg>
    </a></th>
          <th scope="col" class="govuk-table__header" aria-sort="none">Status</th>
          <th scope="col" class="govuk-table__header" aria-sort="none">Assignee</th>
        </tr>
      </thead>
      <tbody class="govuk-table__body">
      </tbody>
    </table>
    
        <nav class="govuk-pagination govuk-!-margin-bottom-2" aria-label="Pagination">
      <ul class="govuk-pagination__list">
      </ul>
    </nav>
    
      </fieldset>
    </form>
  </div>
</div>

      </div>
    </div>
  </div>
        "
`;

exports[`viewAssignUserToCaseRoute > returns a case and list of valid users 1`] = `
"
  <div class="govuk-grid-row app-heading" data-testid="app-heading">
  <div class="govuk-grid-column-two-thirds">
    <h1 class="govuk-heading-xl govuk-!-margin-bottom-2" data-testid="app-heading-title">
      Assign
    </h1>

  </div>
</div>


  <div class="govuk-body" data-testid="app-page-body">
    <form action="/cases/assign-user" method="post">
      <input type="hidden" name="caseId" value="case-123">

      <div class="govuk-form-group">
  <label class="govuk-label" for="assignedUserId">
    Case Worker
  </label>
  <select class="govuk-select" id="assignedUserId" name="assignedUserId">
    <option value="">Select a user</option>
    <option value="user-1" selected="">John Doe</option>
    <option value="user-2">Jane Smith</option>
  </select>
</div>


      <div class="govuk-form-group">
  <h1 class="govuk-label-wrapper">
    <label class="govuk-label govuk-label--l" for="notes">
      Notes (optional)
    </label>
  </h1>
  <textarea class="govuk-textarea" id="notes" name="notes" rows="5"></textarea>
</div>


      <button type="submit" class="govuk-button" data-module="govuk-button">
  Assign
</button>
    </form>
  </div>
        "
`;
