// Vitest Snapshot v1, https://vitest.dev/guide/snapshot.html

exports[`viewUserRolesRoute > renders user roles page and checks currently allocated roles 1`] = `
"<!DOCTYPE html>
<html lang="en" class="govuk-template">
  <head>
    <meta charset="utf-8">
    <title>  User roles
  | fg-cw-frontend
</title>
    <meta name="viewport" content="width=device-width, initial-scale=1, viewport-fit=cover">
    <meta name="theme-color" content="#0b0c0c">

      <link rel="icon" sizes="48x48" href="/public/assets/images/favicon.ico">
      <link rel="icon" sizes="any" href="/public/assets/images/favicon.svg" type="image/svg+xml">
      <link rel="mask-icon" href="/public/assets/images/govuk-icon-mask.svg" color="#0b0c0c">
      <link rel="apple-touch-icon" href="/public/assets/images/govuk-icon-180.png">
      <link rel="manifest" href="/public/assets/manifest.json">

  <link
    href="/public/stylesheets/application.scss"
    rel="stylesheet"
  />

  </head>
  <body class="govuk-template__body">
    <script>document.body.className += ' js-enabled' + ('noModule' in HTMLScriptElement.prototype ? ' govuk-frontend-supported' : '');</script>

      <a href="#main-content" class="govuk-skip-link" data-module="govuk-skip-link">Skip to main content</a>


  <header class="defra-header">
  <div class="defra-header__inner">
    <a
      href="/"
      class="defra-header__logo-link"
      title="Go to the homepage"
      data-testid="defra-heading-logo"
    >
      <img
        class="logo-light"
        src="/public/assets/images/defra-logo.svg"
        alt="Department for Environment Food & Rural Affairs"
      />
      <span
        class="defra-header__service-name"
        data-testid="defra-heading-service-name"
        >Manage rural grant applications</span
      >
    </a>
  </div>
</header>


      <div class="govuk-width-container">
        <main class="govuk-main-wrapper" id="main-content">
  <nav class="govuk-breadcrumbs" aria-label="Breadcrumb">
  <ol class="govuk-breadcrumbs__list">
    <li class="govuk-breadcrumbs__list-item">
      <a class="govuk-breadcrumbs__link" href="/admin/user-management">Users</a>
    </li>
    <li class="govuk-breadcrumbs__list-item">
      <a class="govuk-breadcrumbs__link" href="/admin/user-management/user-123">User details</a>
    </li>
    <li class="govuk-breadcrumbs__list-item" aria-current="page">User roles</li>
  </ol>
</nav>


    



  <div class="govuk-grid-row">
    <div class="govuk-grid-column-full">
      <h1 class="govuk-heading-l">User roles</h1>

      <p class="govuk-body">User: Martin Smith</p>

      <form
        action="/admin/user-management/user-123/roles"
        method="post"
      >






















        <table class="govuk-table">
  <thead class="govuk-table__head">
    <tr class="govuk-table__row">
      <th scope="col" class="govuk-table__header"></th>
      <th scope="col" class="govuk-table__header">Code</th>
      <th scope="col" class="govuk-table__header">Description</th>
      <th scope="col" class="govuk-table__header">Start</th>
      <th scope="col" class="govuk-table__header">End</th>
    </tr>
  </thead>
  <tbody class="govuk-table__body">
    <tr class="govuk-table__row">
      <td class="govuk-table__cell">            <div class="govuk-checkboxes govuk-checkboxes--small">
              <div class="govuk-checkboxes__item">
                <input
                  class="govuk-checkboxes__input"
                  id="role__PMF_READ"
                  name="roles"
                  type="checkbox"
                  value="PMF_READ"
                  checked
                />
                <label
                  class="govuk-label govuk-checkboxes__label"
                  for="role__PMF_READ"
                >
                  <span class="govuk-visually-hidden"
                    >Select PMF_READ</span
                  >
                </label>
              </div>
            </div>
</td>
      <td class="govuk-table__cell">            <strong class="govuk-tag govuk-tag--green tag-no-wrap govuk-!-margin-top-1">
  PMF_READ
</strong>

</td>
      <td class="govuk-table__cell">            <div class="govuk-!-margin-top-1">Pigs Might Fly read only</div>
</td>
      <td class="govuk-table__cell">            <div
              class=""
            >
              <input
                class="govuk-input govuk-input--width-10 "
                id="startDate__PMF_READ"
                name="startDate__PMF_READ"
                type="date"
                value="2025-07-01"
              />
            </div>
</td>
      <td class="govuk-table__cell">            <div class="">
              <input
                class="govuk-input govuk-input--width-10 "
                id="endDate__PMF_READ"
                name="endDate__PMF_READ"
                type="date"
                value="2025-08-02"
              />
            </div>
</td>
    </tr>
    <tr class="govuk-table__row">
      <td class="govuk-table__cell">            <div class="govuk-checkboxes govuk-checkboxes--small">
              <div class="govuk-checkboxes__item">
                <input
                  class="govuk-checkboxes__input"
                  id="role__PMF_READ_WRITE"
                  name="roles"
                  type="checkbox"
                  value="PMF_READ_WRITE"
                  checked
                />
                <label
                  class="govuk-label govuk-checkboxes__label"
                  for="role__PMF_READ_WRITE"
                >
                  <span class="govuk-visually-hidden"
                    >Select PMF_READ_WRITE</span
                  >
                </label>
              </div>
            </div>
</td>
      <td class="govuk-table__cell">            <strong class="govuk-tag govuk-tag--green tag-no-wrap govuk-!-margin-top-1">
  PMF_READ_WRITE
</strong>

</td>
      <td class="govuk-table__cell">            <div class="govuk-!-margin-top-1">Pigs Might Fly read write</div>
</td>
      <td class="govuk-table__cell">            <div
              class=""
            >
              <input
                class="govuk-input govuk-input--width-10 "
                id="startDate__PMF_READ_WRITE"
                name="startDate__PMF_READ_WRITE"
                type="date"
                value=""
              />
            </div>
</td>
      <td class="govuk-table__cell">            <div class="">
              <input
                class="govuk-input govuk-input--width-10 "
                id="endDate__PMF_READ_WRITE"
                name="endDate__PMF_READ_WRITE"
                type="date"
                value=""
              />
            </div>
</td>
    </tr>
  </tbody>
</table>


        <div class="govuk-button-group govuk-!-margin-top-6">
          <button type="submit" class="govuk-button" data-module="govuk-button">
  Save
</button>
          <a class="govuk-link" href="/admin/user-management/user-123"
            >Cancel</a
          >
        </div>
      </form>
    </div>
  </div>
        </main>
      </div>

  <footer class="govuk-footer">
  <div class="govuk-width-container">
    <div class="govuk-footer__meta">
      <div class="govuk-footer__meta-item govuk-footer__meta-item--grow">
        <h2 class="govuk-visually-hidden">Support links</h2>
        <ul class="govuk-footer__inline-list">
          <li class="govuk-footer__inline-list-item">
            <a class="govuk-footer__link" href="https://www.gov.uk/help/privacy-notice">
              Privacy
            </a>
          </li>
          <li class="govuk-footer__inline-list-item">
            <a class="govuk-footer__link" href="https://www.gov.uk/help/cookies">
              Cookies
            </a>
          </li>
          <li class="govuk-footer__inline-list-item">
            <a class="govuk-footer__link" href="https://www.gov.uk/help/accessibility-statement">
              Accessibility statement
            </a>
          </li>
        </ul>
          <svg
            aria-hidden="true"
            focusable="false"
            class="govuk-footer__licence-logo"
            xmlns="http://www.w3.org/2000/svg"
            viewBox="0 0 483.2 195.7"
            height="17"
            width="41"
          >
            <path
              fill="currentColor"
              d="M421.5 142.8V.1l-50.7 32.3v161.1h112.4v-50.7zm-122.3-9.6A47.12 47.12 0 0 1 221 97.8c0-26 21.1-47.1 47.1-47.1 16.7 0 31.4 8.7 39.7 21.8l42.7-27.2A97.63 97.63 0 0 0 268.1 0c-36.5 0-68.3 20.1-85.1 49.7A98 98 0 0 0 97.8 0C43.9 0 0 43.9 0 97.8s43.9 97.8 97.8 97.8c36.5 0 68.3-20.1 85.1-49.7a97.76 97.76 0 0 0 149.6 25.4l19.4 22.2h3v-87.8h-80l24.3 27.5zM97.8 145c-26 0-47.1-21.1-47.1-47.1s21.1-47.1 47.1-47.1 47.2 21 47.2 47S123.8 145 97.8 145"
            />
          </svg>
          <span class="govuk-footer__licence-description">
            All content is available under the
            <a
              class="govuk-footer__link"
              href="https://www.nationalarchives.gov.uk/doc/open-government-licence/version/3/"
              rel="license"
            >Open Government Licence v3.0</a>, except where otherwise stated
          </span>
      </div>
      <div class="govuk-footer__meta-item">
        <a
          class="govuk-footer__link govuk-footer__copyright-logo"
          href="https://www.nationalarchives.gov.uk/information-management/re-using-public-sector-information/uk-government-licensing-framework/crown-copyright/"
        >
          © Crown copyright
        </a>
      </div>
    </div>
  </div>
</footer>


  <script>
    document.body.className +=
      " js-enabled" +
      ("noModule" in HTMLScriptElement.prototype
        ? " govuk-frontend-supported"
        : "");
  </script>
  <script type="module" src="/public/application.js"></script>
  <script type="module" src="/public/govuk.js"></script>
  <script type="module" src="/public/moj.js"></script>
  <script type="module">
    import { initSelectAllCheckboxes } from "/public/checkboxes.js";
    import { initAll } from "/public/govuk.js";
    import { initAll as initMOJ } from "/public/moj.js";
    initSelectAllCheckboxes();
    initAll();
    initMOJ();
  </script>
  </body>
</html>
"
`;
